// Jest Snapshot v1, https://goo.gl/fbAQLP

exports[`LoginFormPresenter shows component with correct structure 1`] = `
<div
  class="login-form"
  data-testid="login-form"
>
  <form
    class="login-form__form"
  >
    <h2
      class="login-form__title"
    >
      Войти
    </h2>
    <div
      class="login-form__field"
    >
      <span
        class="login-form__field-name"
      >
        Email
      </span>
      <input
        class="login-form__field-input"
        name="userEmail"
        placeholder="mail@mail.ru"
        type="text"
      />
    </div>
    <div
      class="login-form__field"
    >
      <span
        class="login-form__field-name"
      >
        Пароль
      </span>
      <input
        class="login-form__field-input"
        name="userPassword"
        placeholder="************"
        type="text"
      />
      <a
        class="login-form__forgotten"
        href="#"
      >
        Забыли пароль?
      </a>
    </div>
    <input
      class="login-form__submit"
      data-testid="login-form__submit"
      type="submit"
      value="Войти"
    />
  </form>
  <div
    class="login-form__helper"
  >
    <span
      class="login-form__helper-text"
    >
      Новый пользователь?
    </span>
    <a
      class="login-form__helper-link"
      data-testid="login-form__helper-link"
      href="#"
    >
      Регистрация
    </a>
  </div>
</div>
`;
